08:57:50 **** Incremental Build of configuration Debug for project DMA_Transfer ****
make pre-build main-build 
a9-linaro-pre-build-step
 
make: Nothing to be done for 'main-build'.
08:57:56 **** Incremental Build of configuration Debug for project DMA_Transfer ****
make pre-build main-build 
a9-linaro-pre-build-step
 
make: Nothing to be done for 'main-build'.
08:58:54 **** Incremental Build of configuration Debug for project DMA_Transfer ****
make pre-build main-build 
a9-linaro-pre-build-step
 
make: Nothing to be done for 'main-build'.
08:59:09 **** Incremental Build of configuration Debug for project DMA_Transfer ****
make pre-build main-build 
a9-linaro-pre-build-step
 
make: Nothing to be done for 'main-build'.
08:59:25 **** Incremental Build of configuration Debug for project DMA_Transfer ****
make pre-build main-build 
a9-linaro-pre-build-step
 
make: Nothing to be done for 'main-build'.
08:59:49 **** Incremental Build of configuration Debug for project DMA_Transfer ****
make pre-build main-build 
a9-linaro-pre-build-step
 
make: Nothing to be done for 'main-build'.
08:59:58 **** Incremental Build of configuration Debug for project DMA_Transfer ****
make pre-build main-build 
a9-linaro-pre-build-step
 
make: Nothing to be done for 'main-build'.
09:04:24 **** Auto Build of configuration Debug for project DMA_Transfer ****
make pre-build main-build 
a9-linaro-pre-build-step
 
Building file: ../src/helloworld.c
Invoking: ARM v7 gcc compiler
arm-none-eabi-gcc -Wall -O0 -g3 -c -fmessage-length=0 -MT"src/helloworld.o" -mcpu=cortex-a9 -mfpu=vfpv3 -mfloat-abi=hard -I../../DMA_Transfer_bsp/ps7_cortexa9_0/include -MMD -MP -MF"src/helloworld.d" -MT"src/helloworld.o" -o "src/helloworld.o" "../src/helloworld.c"
../src/helloworld.c: In function 'InterruptHandler':
../src/helloworld.c:89:2: warning: implicit declaration of function 'dma_transfer' [-Wimplicit-function-declaration]
  dma_transfer(0xa000000,1048576);
  ^~~~~~~~~~~~
../src/helloworld.c: In function 'init_intr_sys':
../src/helloworld.c:92:5: warning: type of 'deviceID' defaults to 'int' [-Wimplicit-int]
 int init_intr_sys(deviceID){
     ^~~~~~~~~~~~~
../src/helloworld.c: At top level:
../src/helloworld.c:113:6: warning: conflicting types for 'dma_transfer'
 void dma_transfer(unsigned int dstad, unsigned int len){
      ^~~~~~~~~~~~
../src/helloworld.c:89:2: note: previous implicit declaration of 'dma_transfer' was here
  dma_transfer(0xa000000,1048576);
  ^~~~~~~~~~~~
Finished building: ../src/helloworld.c
 
Building target: DMA_Transfer.elf
Invoking: ARM v7 gcc linker
arm-none-eabi-gcc -mcpu=cortex-a9 -mfpu=vfpv3 -mfloat-abi=hard -Wl,-build-id=none -specs=Xilinx.spec -Wl,-T -Wl,../src/lscript.ld -L../../DMA_Transfer_bsp/ps7_cortexa9_0/lib -o "DMA_Transfer.elf"  ./src/helloworld.o ./src/platform.o ./src/ps7_init.o   -Wl,--start-group,-lxil,-lgcc,-lc,--end-group
Finished building target: DMA_Transfer.elf
 
Invoking: ARM v7 Print Size
arm-none-eabi-size DMA_Transfer.elf  |tee "DMA_Transfer.elf.size"
   text	   data	    bss	    dec	    hex	filename
  28384	  13196	  22600	  64180	   fab4	DMA_Transfer.elf
Finished building: DMA_Transfer.elf.size
 
09:04:38 **** Incremental Build of configuration Debug for project DMA_Transfer ****
make pre-build main-build 
a9-linaro-pre-build-step
 
make: Nothing to be done for 'main-build'.
09:05:05 **** Incremental Build of configuration Debug for project DMA_Transfer ****
make pre-build main-build 
a9-linaro-pre-build-step
 
make: Nothing to be done for 'main-build'.
09:05:20 **** Incremental Build of configuration Debug for project DMA_Transfer ****
make pre-build main-build 
a9-linaro-pre-build-step
 
make: Nothing to be done for 'main-build'.
09:05:38 **** Incremental Build of configuration Debug for project DMA_Transfer ****
make pre-build main-build 
a9-linaro-pre-build-step
 
make: Nothing to be done for 'main-build'.
09:07:34 **** Incremental Build of configuration Debug for project DMA_Transfer ****
make pre-build main-build 
a9-linaro-pre-build-step
 
make: Nothing to be done for 'main-build'.
09:07:44 **** Incremental Build of configuration Debug for project DMA_Transfer ****
make pre-build main-build 
a9-linaro-pre-build-step
 
make: Nothing to be done for 'main-build'.
